// Jest Snapshot v1, https://goo.gl/fbAQLP

exports[`SeatingList snapshots Renders the connected app with initialState 1`] = `
Object {
  "asFragment": [Function],
  "baseElement": <body>
    <div>
      <div>
        <div
          class="table-responsive-sm"
        >
          <table
            class="table table-md table-striped table-bordered table-hover"
          >
            <thead>
              <tr>
                <th
                  style="background-color: grey;"
                >
                  #
                </th>
                <th
                  style="background-color: grey;"
                >
                  First name
                </th>
                <th
                  style="background-color: grey;"
                >
                  Last name
                </th>
                <th
                  style="background-color: grey;"
                >
                  Email
                </th>
                <th
                  style="background-color: grey;"
                >
                  Phone Number
                </th>
                <th
                  style="background-color: grey;"
                >
                  Guests
                </th>
                <th
                  style="background-color: grey;"
                >
                  Dining Date
                </th>
                <th
                  style="background-color: grey;"
                >
                  Arrived
                </th>
                <th
                  style="background-color: grey;"
                >
                  Seated
                </th>
              </tr>
            </thead>
            <tbody>
              <tr>
                <td>
                  1
                </td>
                <td>
                  Mozafer
                </td>
                <td />
                <td />
                <td />
                <td />
                <td />
                <td>
                  <input
                    class="form-check-input"
                    id="0"
                    name="isArrived"
                    type="checkbox"
                    value="false"
                  />
                </td>
                <td>
                  <input
                    class="form-check-input"
                    id="0"
                    name="seated"
                    type="checkbox"
                    value="false"
                  />
                </td>
              </tr>
              <tr>
                <td>
                  2
                </td>
                <td>
                  Vicky
                </td>
                <td />
                <td />
                <td />
                <td />
                <td />
                <td>
                  <input
                    class="form-check-input"
                    id="1"
                    name="isArrived"
                    type="checkbox"
                    value="false"
                  />
                </td>
                <td>
                  <input
                    class="form-check-input"
                    id="1"
                    name="seated"
                    type="checkbox"
                    value="false"
                  />
                </td>
              </tr>
            </tbody>
          </table>
        </div>
      </div>
    </div>
  </body>,
  "container": <div>
    <div>
      <div
        class="table-responsive-sm"
      >
        <table
          class="table table-md table-striped table-bordered table-hover"
        >
          <thead>
            <tr>
              <th
                style="background-color: grey;"
              >
                #
              </th>
              <th
                style="background-color: grey;"
              >
                First name
              </th>
              <th
                style="background-color: grey;"
              >
                Last name
              </th>
              <th
                style="background-color: grey;"
              >
                Email
              </th>
              <th
                style="background-color: grey;"
              >
                Phone Number
              </th>
              <th
                style="background-color: grey;"
              >
                Guests
              </th>
              <th
                style="background-color: grey;"
              >
                Dining Date
              </th>
              <th
                style="background-color: grey;"
              >
                Arrived
              </th>
              <th
                style="background-color: grey;"
              >
                Seated
              </th>
            </tr>
          </thead>
          <tbody>
            <tr>
              <td>
                1
              </td>
              <td>
                Mozafer
              </td>
              <td />
              <td />
              <td />
              <td />
              <td />
              <td>
                <input
                  class="form-check-input"
                  id="0"
                  name="isArrived"
                  type="checkbox"
                  value="false"
                />
              </td>
              <td>
                <input
                  class="form-check-input"
                  id="0"
                  name="seated"
                  type="checkbox"
                  value="false"
                />
              </td>
            </tr>
            <tr>
              <td>
                2
              </td>
              <td>
                Vicky
              </td>
              <td />
              <td />
              <td />
              <td />
              <td />
              <td>
                <input
                  class="form-check-input"
                  id="1"
                  name="isArrived"
                  type="checkbox"
                  value="false"
                />
              </td>
              <td>
                <input
                  class="form-check-input"
                  id="1"
                  name="seated"
                  type="checkbox"
                  value="false"
                />
              </td>
            </tr>
          </tbody>
        </table>
      </div>
    </div>
  </div>,
  "debug": [Function],
  "findAllByAltText": [Function],
  "findAllByDisplayValue": [Function],
  "findAllByLabelText": [Function],
  "findAllByPlaceholderText": [Function],
  "findAllByRole": [Function],
  "findAllByTestId": [Function],
  "findAllByText": [Function],
  "findAllByTitle": [Function],
  "findByAltText": [Function],
  "findByDisplayValue": [Function],
  "findByLabelText": [Function],
  "findByPlaceholderText": [Function],
  "findByRole": [Function],
  "findByTestId": [Function],
  "findByText": [Function],
  "findByTitle": [Function],
  "getAllByAltText": [Function],
  "getAllByDisplayValue": [Function],
  "getAllByLabelText": [Function],
  "getAllByPlaceholderText": [Function],
  "getAllByRole": [Function],
  "getAllByTestId": [Function],
  "getAllByText": [Function],
  "getAllByTitle": [Function],
  "getByAltText": [Function],
  "getByDisplayValue": [Function],
  "getByLabelText": [Function],
  "getByPlaceholderText": [Function],
  "getByRole": [Function],
  "getByTestId": [Function],
  "getByText": [Function],
  "getByTitle": [Function],
  "queryAllByAltText": [Function],
  "queryAllByDisplayValue": [Function],
  "queryAllByLabelText": [Function],
  "queryAllByPlaceholderText": [Function],
  "queryAllByRole": [Function],
  "queryAllByTestId": [Function],
  "queryAllByText": [Function],
  "queryAllByTitle": [Function],
  "queryByAltText": [Function],
  "queryByDisplayValue": [Function],
  "queryByLabelText": [Function],
  "queryByPlaceholderText": [Function],
  "queryByRole": [Function],
  "queryByTestId": [Function],
  "queryByText": [Function],
  "queryByTitle": [Function],
  "rerender": [Function],
  "unmount": [Function],
}
`;
